[rachoudhury.com/foodshape/index.html]
[backblue.gif]
[fade.gif]
[index.html]
[rachoudhury.com/foodshape/images/fevicon.png]
[rachoudhury.com/foodshape/index-2.html]
[rachoudhury.com/foodshape/images/logo.png]
[rachoudhury.com/foodshape/about.html]
[rachoudhury.com/foodshape/history.html]
[rachoudhury.com/foodshape/our-team.html]
[rachoudhury.com/foodshape/pricing.html]
[rachoudhury.com/foodshape/typed.html]
[rachoudhury.com/foodshape/slider.html]
[rachoudhury.com/foodshape/blog.html]
[rachoudhury.com/foodshape/blog-post.html]
[rachoudhury.com/foodshape/get-in_tuch.html]
[rachoudhury.com/foodshape/images/feature-image.png]
[rachoudhury.com/foodshape/images/service-tab-img.png]
[rachoudhury.com/foodshape/images/service-tab-img-01.png]
[rachoudhury.com/foodshape/images/service-tab-img-03.png]
[rachoudhury.com/foodshape/images/gallary-im-01.png]
[rachoudhury.com/foodshape/images/gallery-im-02.png]
[rachoudhury.com/foodshape/images/gallery-im-03.png]
[rachoudhury.com/foodshape/images/gallery-im-04.png]
[rachoudhury.com/foodshape/images/gallery-im-05.png]
[rachoudhury.com/foodshape/images/slider-img.png]
[rachoudhury.com/foodshape/images/logo-01.png]
[rachoudhury.com/foodshape/images/logo-04.png]
[rachoudhury.com/foodshape/images/blog-img.png]
[rachoudhury.com/foodshape/images/footer-im-01.png]
[rachoudhury.com/foodshape/images/footer-im-02.png]
[rachoudhury.com/foodshape/images/footer-im-03.png]
[rachoudhury.com/foodshape/images/footer-im-04.png]
[rachoudhury.com/foodshape/images/footer-im-05.png]
[rachoudhury.com/foodshape/images/footer-im-06.png]
[rachoudhury.com/foodshape/images/footer-im-07.png]
[rachoudhury.com/foodshape/images/footer-im-08.png]
[rachoudhury.com/foodshape/images/footer-im-09.png]
[rachoudhury.com/foodshape/js/jquery-3.3.1.slim.min.js]
[rachoudhury.com/foodshape/js/bootstrap.min.js]
[rachoudhury.com/foodshape/js/popper.min.js]
[rachoudhury.com/foodshape/js/jquery.sticky.js]
[rachoudhury.com/foodshape/js/owl.carousel.min.js]
[rachoudhury.com/foodshape/js/typed.min.js]
[rachoudhury.com/foodshape/js/jquery.magnific-popup.min.js]
[rachoudhury.com/foodshape/js/custrom.js]
[rachoudhury.com/foodshape/index.html]
[rachoudhury.com/foodshape/fonts/fontawesome-webfont3e6e.eot]
[rachoudhury.com/foodshape/fonts/fontawesome-webfontd41d.eot]
[rachoudhury.com/foodshape/fonts/fontawesome-webfont3e6e.woff2]
[rachoudhury.com/foodshape/fonts/fontawesome-webfont3e6e.woff]
[rachoudhury.com/foodshape/fonts/fontawesome-webfont3e6e.ttf]
[rachoudhury.com/foodshape/css/font-awesome.min.css]
[rachoudhury.com/foodshape/fonts/Flaticon.eot]
[rachoudhury.com/foodshape/fonts/Flaticon.woff]
[rachoudhury.com/foodshape/fonts/Flaticond41d.eot]
[rachoudhury.com/foodshape/fonts/Flaticon.ttf]
[rachoudhury.com/foodshape/fonts/flaticon.css]
[rachoudhury.com/foodshape/css/owl.video.play.3d.delayed]
[rachoudhury.com/foodshape/css/owl.carousel.min.css]
[rachoudhury.com/foodshape/css/owl.theme.default.css]
[rachoudhury.com/foodshape/css/magnific-popup.css]
[rachoudhury.com/foodshape/css/bootstrap.min.css]
[rachoudhury.com/foodshape/css/blog/blog.css]
[rachoudhury.com/foodshape/images/header-bg.png]
[rachoudhury.com/foodshape/images/video-bg.png]
[rachoudhury.com/foodshape/images/footer-bg.png]
[rachoudhury.com/foodshape/page to/header.41.delayed]
[rachoudhury.com/foodshape/images/pricing-bg.png]
[rachoudhury.com/foodshape/css/style.css]
[rachoudhury.com/foodshape/css/responsive.css]
[rachoudhury.com/foodshape/index-2.html]
[rachoudhury.com/foodshape/page-to/provaid-img.png]
[rachoudhury.com/foodshape/page-to/team-02.png]
[rachoudhury.com/foodshape/page-to/team-04.png]
[rachoudhury.com/foodshape/page-to/team-03.png]
[rachoudhury.com/foodshape/page-to/team-01.png]
[rachoudhury.com/foodshape/about.html]
[rachoudhury.com/foodshape/images/history-01.png]
[rachoudhury.com/foodshape/images/history-gallery-im-01.png]
[rachoudhury.com/foodshape/images/history-gallery-im-02.png]
[rachoudhury.com/foodshape/images/history-gallery-im-03.png]
[rachoudhury.com/foodshape/images/history-gallery-im-04.png]
[rachoudhury.com/foodshape/history.html]
[rachoudhury.com/foodshape/page-to/team-05.png]
[rachoudhury.com/foodshape/page-to/team-06.png]
[rachoudhury.com/foodshape/page-to/team-07.png]
[rachoudhury.com/foodshape/page-to/team-08.png]
[rachoudhury.com/foodshape/our-team.html]
[rachoudhury.com/foodshape/pricing.html]
[rachoudhury.com/foodshape/images/service-tab-img-02.51.delayed]
[rachoudhury.com/foodshape/typed.html]
[rachoudhury.com/foodshape/slider.html]
[rachoudhury.com/foodshape/images/blog/blog-02.jpg]
[rachoudhury.com/foodshape/images/blog/blog-04.jpg]
[rachoudhury.com/foodshape/images/blog/blog-03.jpg]
[rachoudhury.com/foodshape/images/blog/blog-01.jpg]
[rachoudhury.com/foodshape/images/blog/recent-01.jpg]
[rachoudhury.com/foodshape/blog.html]
[rachoudhury.com/foodshape/images/blog/post-02.jpg]
[rachoudhury.com/foodshape/images/blog/post-01.jpg]
[rachoudhury.com/foodshape/images/blog/post-03.jpg]
[rachoudhury.com/foodshape/blog-post.html]
[rachoudhury.com/foodshape/get-in_tuch.html]
[rachoudhury.com/foodshape/fonts/fontawesome-webfont3e6e.svg]
[rachoudhury.com/foodshape/fonts/Flaticon.svg]
[rachoudhury.com/foodshape/css/owl.video.play.html]
[rachoudhury.com/foodshape/page to/header.html]
[rachoudhury.com/foodshape/images/service-tab-img-02.html]
